// Jest Snapshot v1, https://goo.gl/fbAQLP

exports[`<App /> should match the snapshot 1`] = `
<Blueprint2.Spinner
  className="spinner"
/>
`;
